EMEA-DSMAIN+gupaa75@WSDCVPA43KW0418 MINGW64 ~
$ cd C:\Users\gupaa75\Documents\verizon-development\BFD-TLOC_UP_DOWN_VIPTELA
bash: cd: C:Usersgupaa75Documentsverizon-developmentBFD-TLOC_UP_DOWN_VIPTELA: No such file or directory


EMEA-DSMAIN+gupaa75@WSDCVPA43KW0418 MINGW64 ~
$





EMEA-DSMAIN+gupaa75@WSDCVPA43KW0418 MINGW64 ~
$
c
cd
EMEA-DSMAIN+gupaa75@WSDCVPA43KW0418 MINGW64 ~
$
cd
EMEA-DSMAIN+gupaa75@WSDCVPA43KW0418 MINGW64 ~
$ cd
Display all 44 possibilities? (y or n)

EMEA-DSMAIN+gupaa75@WSDCVPA43KW0418 MINGW64 ~
$ pwd
/c/Users/gupaa75
cd
EMEA-DSMAIN+gupaa75@WSDCVPA43KW0418 MINGW64 ~
$ cd Documents/
ls
ls

EMEA-DSMAIN+gupaa75@WSDCVPA43KW0418 MINGW64 ~/Documents
$ ls
 Default.rdp  'My Pictures'@   WindowsPowerShell/   verizon-development/
'My Music'@   'My Videos'@     desktop.ini
cd
EMEA-DSMAIN+gupaa75@WSDCVPA43KW0418 MINGW64 ~/Documents
$ cd verizon-development/BFD-TLOC_UP_DOWN_VIPTELA/

EMEA-DSMAIN+gupaa75@WSDCVPA43KW0418 MINGW64 ~/Documents/verizon-development/BFD-TLOC_UP_DOWN_VIPTELA
$ ls
'BFD TLOC Up Down_Viptela sdwan_1.html'   master_vz_template.yml
 BFD_TLOC_Up_Down_Viptela_v7.zip

EMEA-DSMAIN+gupaa75@WSDCVPA43KW0418 MINGW64 ~/Documents/verizon-development/BFD-TLOC_UP_DOWN_VIPTELA
$ ls
'BFD TLOC Up Down_Viptela sdwan_1.html'   BFD_TLOC_Up_Down_Viptela_v7.zip   master_vz_template.yml

EMEA-DSMAIN+gupaa75@WSDCVPA43KW0418 MINGW64 ~/Documents/verizon-development/BFD-TLOC_UP_DOWN_VIPTELA
$ ls
'BFD TLOC Up Down_Viptela sdwan_1.html'   BFD_TLOC_Up_Down_Viptela_v7.zip   master_vz_template.yml

EMEA-DSMAIN+gupaa75@WSDCVPA43KW0418 MINGW64 ~/Documents/verizon-development/BFD-TLOC_UP_DOWN_VIPTELA
$ l
bash: l: command not found

EMEA-DSMAIN+gupaa75@WSDCVPA43KW0418 MINGW64 ~/Documents/verizon-development/BFD-TLOC_UP_DOWN_VIPTELA
$ ls
'BFD TLOC Up Down_Viptela sdwan_1.html'   BFD_TLOC_Up_Down_Viptela_v7/   BFD_TLOC_Up_Down_Viptela_v7.zip   master_vz_template.yml
cd
EMEA-DSMAIN+gupaa75@WSDCVPA43KW0418 MINGW64 ~/Documents/verizon-development/BFD-TLOC_UP_DOWN_VIPTELA
$ cd BFD_TLOC_Up_Down_Viptela_v7

EMEA-DSMAIN+gupaa75@WSDCVPA43KW0418 MINGW64 ~/Documents/verizon-development/BFD-TLOC_UP_DOWN_VIPTELA/BFD_TLOC_Up_Down_Viptela_v7
$ ls
BFD_TLOC_Up_Down_Viptela/
cd
EMEA-DSMAIN+gupaa75@WSDCVPA43KW0418 MINGW64 ~/Documents/verizon-development/BFD-TLOC_UP_DOWN_VIPTELA/BFD_TLOC_Up_Down_Viptela_v7
$ cd BFD_TLOC_Up_Down_Viptela/
lsls

EMEA-DSMAIN+gupaa75@WSDCVPA43KW0418 MINGW64 ~/Documents/verizon-development/BFD-TLOC_UP_DOWN_VIPTELA/BFD_TLOC_Up_Down_Viptela_v7/BFD_TLOC_Up_Down_Viptela
$ ls
BFD-TLOC-Up-Down-Viptela/  config.yaml  main.yaml  uimapping.json

EMEA-DSMAIN+gupaa75@WSDCVPA43KW0418 MINGW64 ~/Documents/verizon-development/BFD-TLOC_UP_DOWN_VIPTELA/BFD_TLOC_Up_Down_Viptela_v7/BFD_TLOC_Up_Down_Viptela
$ ls
BFD-TLOC-Up-Down-Viptela/  config.yaml  main.yaml  uimapping.json

EMEA-DSMAIN+gupaa75@WSDCVPA43KW0418 MINGW64 ~/Documents/verizon-development/BFD-TLOC_UP_DOWN_VIPTELA/BFD_TLOC_Up_Down_Viptela_v7/BFD_TLOC_Up_Down_Viptela
$ ls
BFD-TLOC-Up-Down-Viptela/  config.yaml  main.yaml  uimapping.json

EMEA-DSMAIN+gupaa75@WSDCVPA43KW0418 MINGW64 ~/Documents/verizon-development/BFD-TLOC_UP_DOWN_VIPTELA/BFD_TLOC_Up_Down_Viptela_v7/BFD_TLOC_Up_Down_Viptela
$

EMEA-DSMAIN+gupaa75@WSDCVPA43KW0418 MINGW64 ~/Documents/verizon-development/BFD-TLOC_UP_DOWN_VIPTELA/BFD_TLOC_Up_Down_Viptela_v7/BFD_TLOC_Up_Down_Viptela
$ git sttaus
git: 'sttaus' is not a git command. See 'git --help'.

The most similar command is
        status

EMEA-DSMAIN+gupaa75@WSDCVPA43KW0418 MINGW64 ~/Documents/verizon-development/BFD-TLOC_UP_DOWN_VIPTELA/BFD_TLOC_Up_Down_Viptela_v7/BFD_TLOC_Up_Down_Viptela
$ git status
fatal: not a git repository (or any of the parent directories): .git
''
EMEA-DSMAIN+gupaa75@WSDCVPA43KW0418 MINGW64 ~/Documents/verizon-development/BFD-TLOC_UP_DOWN_VIPTELA/BFD_TLOC_Up_Down_Viptela_v7/BFD_TLOC_Up_Down_Viptela
$ cd ../../..

EMEA-DSMAIN+gupaa75@WSDCVPA43KW0418 MINGW64 ~/Documents/verizon-development
$ cd ..

EMEA-DSMAIN+gupaa75@WSDCVPA43KW0418 MINGW64 ~/Documents
$ ls
 Default.rdp  'My Music'@  'My Pictures'@  'My Videos'@   WindowsPowerShell/   desktop.ini   verizon-development/
cd
EMEA-DSMAIN+gupaa75@WSDCVPA43KW0418 MINGW64 ~/Documents
$ cd verizon-development/
ll
EMEA-DSMAIN+gupaa75@WSDCVPA43KW0418 MINGW64 ~/Documents/verizon-development
$ ls
'BFD TLOC Up Down_Viptela sdwan_1.html'   BGP_ROUTER_UP_DOWN_VIPTELA/    iautomatenonprod/
 BFD-TLOC_UP_DOWN_VIPTELA/                RouterBGPUpDown_Viptela.html
cd
EMEA-DSMAIN+gupaa75@WSDCVPA43KW0418 MINGW64 ~/Documents/verizon-development
$ cd iauo
bash: cd: iauo: No such file or directory

EMEA-DSMAIN+gupaa75@WSDCVPA43KW0418 MINGW64 ~/Documents/verizon-development
$ cd iautomatenonprod/

EMEA-DSMAIN+gupaa75@WSDCVPA43KW0418 MINGW64 ~/Documents/verizon-development/iautomatenonprod (main)
$ ls
AP-Disconnected-Tesco/                                       PostChkSwitch/
ASTELG-VMANAGE-SITE-TEST/                                    PowerAutomation/
Alert_Basic_Triage_New/                                      PreCheck-Router/
Aruba-OS-MACD/                                               PreCheck-Switch/
BAYER-SITE-ISOLATION-TRIAGE/                                 PreCheckRouter/
BFDTLOCUpDown-SharedNOC/                                     PreChkSwitch/
BGP-Session-Down-SharedNoc/                                  ReloadDevice/
BGPPeerUpDown-SharedNOC/                                     ReloadOnly/
BGPSessionDown-Tesco/                                        Resolve-platform__OPS/
BGP_Session_Down/                                            RouteUpdate-cisco-ukpost/
BackUpConfiguration/                                         Run_Firewall_Commands_Modified/
Basic_Triage_Master/                                         SCM-RollBack-Feature-Cisco/
CF_Performance_Monitoring/                                   SDWANPathUpDown-Versa-all/
CHG-STD-ACL-UPDATE/                                          SDWANPathUpDownAVA/
CHG-STD-ACL-UPDATE-NX/                                       SDWANPathUpDownV2-Versa/
CHG-STD-ACL-UPDATE-XR/                                       SNMP-Availability-Walgreens/
CertificateInventory-CUCM/                                   SNMP-Unreachable-SharedNOC/
Check-CUBE-configuration/                                    SOC-Precheck-Postcheck/
CheckPoint-Triage/                                           SSC_Automation/
Cisco-Assign-Ports-To-VLAN/                                  STMicro-Site-Isolation-Triage/
Cisco-Basic-Port-Configuration/                              ServiceImpact-HA-SharedNOC/
Cisco-Extended-ACL-Configuration/                            Site-Isolation-Master/
Cisco-IP-Prefix-list-update-for-route-advertisement/         SiteIsolation-Generic/
Cisco-LAN-Interface-Address-Change/                          SiteIsolation-moto/
Cisco-Network-Statement-Update-for-BGP-Route-Advertisement/  Standard-HPE-Pre-check/
Cisco-SDWAN-Code-Upgrade-OPS/                                Standard-HPE-Pre-check-OPS/
Cisco-Standard-ACL-Configuration/                            Standard-IOS-Code-Upgrade/
Cisco-Static-Route-configuration/                            Standard-IOS-Code-Upgrade-OPS/
Cisco-software-vulnerability-upgrade/                        Standard-IOS-IDE-Circuit-Activation_DEA/
CiscoCatalyst-CodeUpgrade-installmode/                       Standard-IOS-MACD-OPS/
CiscoI-OS-upgrade/                                           Standard-IOS-Post-check/
CiscoNexus-CodeUpgrade-installmode/                          Standard-IOS-Post-check_OPS/
Configuration-Console/                                       Standard-IOS-Pre-check/
ControlTLOCUpDown-SharedNOC/                                 Standard-IOS-Pre-check-PEGA/
ControlTLOCUpDown-Viptela-all/                               Standard-IOS-Pre-check-ops/
Crontab_modification/                                        StoreUpDown-multi-Walgreens/
DBMainViptelaAlarms/                                         Stuck-DeviceUpDown/
Device-Down-ECSR-CORE/                                       Switch-Port-Capacity-Report/
Device-Down-ECSR-DORTMUND/                                   SwitchDisconnected-Walgreens/
Device-Down-EMS/                                             Syslog-Search-SOC/
Device-Down-ENOC/                                            TARGETStoreSVU/
Device-Down-IENOC/                                           TARGETprestagingStoreRouters/
Device-Down-Master/                                          Target-3850-IOS-prestaging/
Device-Down-SAP-NOC/                                         Task-Automation/
Device-Down-SMS_NOC/                                         Tesco-ACL-Update/
Device-Down-Target/                                          Tesco-CCTV-Body-Worn-Camera-OPS/
Device-Down-Tesco/                                           Tesco-Cisco-Switch-Add-New-VLANs/
Device-Down-UKPO/                                            Tesco-Junos-OS-CCTV-migration-MACD-PILOT/
Device-Down-Walgreens/                                       Tesco-QoS-change-OPS/
Device-Unstable-ECSR-CORE/                                   Tesco-SevOne-ROI-config-to-SRX-OPS/
Device-UpDown-Shared-NOC/                                    Tesco-pingtest/
DeviceUnstable-SharedNOC/                                    Tesco-pingtest2/
DeviceUpDown-Viptela-all/                                    Tesco-srx-rules/
Deviceunstable-Tesco/                                        Tesco_extend-wlan-tunnel-colleague-junos-OPS/
ETMS-VersaMemHigh/                                           Tesco_src_rules-OPS/
FixMOTD/                                                     Triage-Cisco-Devices/
Fortigate-Post-Check/                                        Triage-CiscoASA-Firewall/
Fortigate-Post-Check-OPS/                                    Triage-F5-Loadbalancer/
Fortigate-Pre-Check-OPS/                                     Triage-Fortigate-FW/
Fortigate_PreCheck/                                          Triage-PaloAlto-Firewall/
General_Update/                                              VIPTELA-SITE-ISOLATION/
Generic-Fortigate-FW-USPS/                                   VIPTELA-SITE-ISOLATION-TEST/
GetVersion/                                                  VOS-Pre-check-OPS/
Hubin3650IOSStaging/                                         Validate-subnet-availability/
ICMP-Echo-Availability-ECSR-CORE/                            Versa-Analytics-Log-Export-CPE-Automation-for-PaaS-Config/
ICMP_Unreachable/                                            Versa-Analytics-Log-Export-CPE-Automation-for-PaaS-Discovery/
IOS-XE-Post-check/                                           Versa-Analytics-Log-Export-CPE-Automation-for-PaaS-Pre-check_OPS/
IOS-XE-Post-check--OPS/                                      Versa-Analytics-Log-Export-CPE-Automation-for-PaaS-Rollback-OPS/
IOS-XE-Pre-check/                                            Versa-Ipsec-Tunnel-down-triage/
IOS-XE-Pre-check--OPS/                                       Versa-Postcheck/
IPSecTunnelDown-SharedNOC/                                   Versa-Postcheck-OPS/
Interface-Disabled-Target/                                   Versa-Precheck/
Interface-Disabled-Targett/                                  Versa-Precheck-OPS/
Interface-Disabled-Walgreens/                                VersaSoftwareKeyExpiring/
Interface-Down-ECSR-CORE/                                    VersaSpoke-minusAAAplusVNF/
Interface-Down-JB/                                           VersaSpoke-plusAAA-minusVNF/
Interface-Down-SAP-NOC/                                      Versa_HA_Struck_Shared_NOC/
Interface-Down-SharedNoc/                                    Versa_IPSEC_Struck_Shared_NOC/
Interface-Down-Target/                                       Viptela-APIDown/
Interface-Down-Tesco/                                        Viptela-BGPRouterUpDown/
Interface-StateChange-SharedNoc/                             Viptela-OS-Post-check/
Interface-Status-Master/                                     Viptela-OS-Post-check-OPS/
Interface-UpDown-SharedNoc/                                  Viptela-OS-Pre-check/
Interface-UpDown-Walgreens/                                  Viptela-OS-Pre-check-OPS/
IpsecTunnelDown-Versa/                                       ViptelaCertificatesExpiry/
Itefailover-juniper-motorola/                                Vulnerability-Mgmt-SOC/
JBNOC-TRIAGE/                                                WAG_Versa_SDWAN_Flexvnf_Upgrade/
JUNOS-CHG-NTP-DNS/                                           WALLGREEN.PRE.STAGING/
JUNOS-CHG-NTP-DNS-OPS/                                       WBA-BasicTriage/
JUNOS-NTP-DNS-CHG-OPS/                                       WGSVUSwitchUPGRADE/
JUNOS-PRE-NTP-DNS-OPS/                                       Walgreens-N5k-Prestaging/
Juniper_DMFA_checks/                                         Walgreens-Switch-POE-Faulty/
Junos-OS-Code-Upgrade/                                       cisco_code_upgrade/
Junos-OS-Code-Upgrade-OPS/                                   cisco_ios_upgrade_bundle/
Junos-OS-Code-Upgrade-PILOT/                                 cisco_ports_to_juniper/
Junos-OS-Login-check_OPS/                                    device_updown_walgreens/
Junos-OS-MACD_OPS/                                           identify-expired-expiring-licenses/
Junos-OS-Post-check/                                         ios_version_test/
Junos-OS-Post-check-OPS/                                     md5_hash_check/
Junos-OS-Pre-check/                                          ping_it/
Junos-OS-Pre-check-OPS/                                      pol_wireless_personalization/
LoadMgmtIPwithSN/                                            prechk-IOS-service-assurance-OPS/
Login-check/                                                 router_down/
MemHigh-Versa/                                               save_config/
Network-Site-Discovery-Phase1-OPS/                           scm-show-config/
Network-Site-Discovery-Phase2-OPS/                           showlicence/
POL-Router-Dashboard/                                        software-and-hardware-discovery/
POL_Router_Personalization/                                  sonar-project.properties
PRIMK-LTE-GW/                                                steve_test_enable/
PaloAlto-Post-check/                                         switch_prestaging/
PaloAlto-Post-check-OPS/                                     target_3850_ios_upgrade/
PaloAlto-Pre-check/                                          tesco-aruba-ssid-ops/
PaloAlto-Pre-check-OPS/                                      test.text
Penske-Device-Discovery-OPS/                                 test.txt
PostCheckRouter/

EMEA-DSMAIN+gupaa75@WSDCVPA43KW0418 MINGW64 ~/Documents/verizon-development/iautomatenonprod (main)
$ git status
On branch main
Your branch is up to date with 'origin/main'.

nothing to commit, working tree clean

EMEA-DSMAIN+gupaa75@WSDCVPA43KW0418 MINGW64 ~/Documents/verizon-development/iautomatenonprod (main)
$ git pull origin main
remote: Enumerating objects: 147, done.
remote: Counting objects: 100% (117/117), done.
remote: Compressing objects: 100% (80/80), done.
remote: Total 87 (delta 37), reused 2 (delta 1), pack-reused 0 (from 0)
Unpacking objects: 100% (87/87), 38.15 KiB | 58.00 KiB/s, done.
From https://gitlab.verizon.com/jrlv/iautomatenonprod
 * branch            main       -> FETCH_HEAD
   69d017c..ca947b2  main       -> origin/main
Enumerating objects: 250, done.
Counting objects: 100% (250/250), done.
Delta compression using up to 4 threads
Compressing objects: 100% (237/237), done.
Writing objects: 100% (250/250), done.
Total 250 (delta 90), reused 0 (delta 0), pack-reused 0 (from 0)
Updating 69d017c..ca947b2
Fast-forward
Enumerating objects: 455, done.
Counting objects: 100% (455/455), done.
Delta compression using up to 4 threads
Compressing objects: 100% (269/269), done.
Writing objects: 100% (455/455), done.
Total 455 (delta 166), reused 447 (delta 158), pack-reused 0 (from 0)
 Basic_Triage_Master/master_vz_template.yml         |  25 +-
 Basic_Triage_Master/roles/PingIt/tasks/main.yml    | 367 +++++++++++----------
 .../roles/PingIt/tasks/shortnameExceptions.yml     |   1 -
 .../roles/PingIt/templates/rehl_ping.yml           |  25 ++
 Basic_Triage_Master/roles/PingIt/vars/main.yml     |   1 +
 .../roles/PingIt_bkpmay/.travis.yml                |  29 ++
 Basic_Triage_Master/roles/PingIt_bkpmay/README.md  |  38 +++
 .../roles/PingIt_bkpmay/defaults/main.yml          |   2 +
 .../roles/PingIt_bkpmay/handlers/main.yml          |   2 +
 .../roles/PingIt_bkpmay/meta/main.yml              |  53 +++
 .../roles/PingIt_bkpmay/tasks/main.yml             | 183 ++++++++++
 .../PingIt_bkpmay/tasks/shortnameExceptions.yml    |  14 +
 .../tasks/templates/rehl_ping.yml                  |   0
 .../roles/PingIt_bkpmay/tests/inventory            |   2 +
 .../roles/PingIt_bkpmay/tests/test.yml             |   5 +
 .../roles/PingIt_bkpmay/vars/main.yml              |   7 +
 Device-Down-Master/master_vz_template.yml          |   7 +
 .../Cisco-Switch-Down/tasks/fetch_inputs.yaml      |  22 +-
 .../DeviceUpDown-Walgreens/tasks/deviceDown.py     |  90 ++++-
 .../roles/PRIMK-LTE-GW/tasks/main.py               | 326 ++++++++++++++++++
 .../roles/PRIMK-LTE-GW/tasks/main.sh               |   3 +
 .../roles/PRIMK-LTE-GW/tasks/main.yml              |  41 +++
 .../roles/PRIMK-LTE-GW/vars/main.yml               |   6 +
 Site-Isolation-Master/master_vz_template.yml       |  40 ++-
 .../tasks/directorCall-vcats.py                    |  95 ++++++
 .../tasks/directorCall-vcats.pybk                  | 282 ++++++++++++++++
 .../BAYER-VERSA-SITE-ISOLATION/tasks/main.yml      | 134 ++++++++
 .../BAYER-VERSA-SITE-ISOLATION/tasks/main.ymlbk    | 136 ++++++++
 .../BAYERBBS-SITE-ISOLATION-TEST/tasks/main.yml    | 153 +++++++++
 .../tasks/ping-vcats.py                            | 276 ++++++++++++++++
 30 files changed, 2149 insertions(+), 216 deletions(-)
 create mode 100644 Basic_Triage_Master/roles/PingIt/templates/rehl_ping.yml
 create mode 100644 Basic_Triage_Master/roles/PingIt_bkpmay/.travis.yml
 create mode 100644 Basic_Triage_Master/roles/PingIt_bkpmay/README.md
 create mode 100644 Basic_Triage_Master/roles/PingIt_bkpmay/defaults/main.yml
 create mode 100644 Basic_Triage_Master/roles/PingIt_bkpmay/handlers/main.yml
 create mode 100644 Basic_Triage_Master/roles/PingIt_bkpmay/meta/main.yml
 create mode 100644 Basic_Triage_Master/roles/PingIt_bkpmay/tasks/main.yml
 create mode 100644 Basic_Triage_Master/roles/PingIt_bkpmay/tasks/shortnameExceptions.yml
 rename Basic_Triage_Master/roles/{PingIt => PingIt_bkpmay}/tasks/templates/rehl_ping.yml (100%)
 create mode 100644 Basic_Triage_Master/roles/PingIt_bkpmay/tests/inventory
 create mode 100644 Basic_Triage_Master/roles/PingIt_bkpmay/tests/test.yml
 create mode 100644 Basic_Triage_Master/roles/PingIt_bkpmay/vars/main.yml
 create mode 100644 Device-Down-Master/roles/PRIMK-LTE-GW/tasks/main.py
 create mode 100644 Device-Down-Master/roles/PRIMK-LTE-GW/tasks/main.sh
 create mode 100644 Device-Down-Master/roles/PRIMK-LTE-GW/tasks/main.yml
 create mode 100644 Device-Down-Master/roles/PRIMK-LTE-GW/vars/main.yml
 create mode 100644 Site-Isolation-Master/roles/BAYER-VERSA-SITE-ISOLATION/tasks/directorCall-vcats.py
 create mode 100644 Site-Isolation-Master/roles/BAYER-VERSA-SITE-ISOLATION/tasks/directorCall-vcats.pybk
 create mode 100644 Site-Isolation-Master/roles/BAYER-VERSA-SITE-ISOLATION/tasks/main.yml
 create mode 100644 Site-Isolation-Master/roles/BAYER-VERSA-SITE-ISOLATION/tasks/main.ymlbk
 create mode 100644 Site-Isolation-Master/roles/BAYERBBS-SITE-ISOLATION-TEST/tasks/main.yml
 create mode 100644 Site-Isolation-Master/roles/BAYERBBS-SITE-ISOLATION-TEST/tasks/ping-vcats.py

EMEA-DSMAIN+gupaa75@WSDCVPA43KW0418 MINGW64 ~/Documents/verizon-development/iautomatenonprod (main)
$ git checkout Device-Down-Master
Switched to branch 'Device-Down-Master'
Your branch is up to date with 'origin/Device-Down-Master'.

EMEA-DSMAIN+gupaa75@WSDCVPA43KW0418 MINGW64 ~/Documents/verizon-development/iautomatenonprod (Device-Down-Master)
$ pwd
/c/Users/gupaa75/Documents/verizon-development/iautomatenonprod

EMEA-DSMAIN+gupaa75@WSDCVPA43KW0418 MINGW64 ~/Documents/verizon-development/iautomatenonprod (Device-Down-Master)
$ git pull origin Device-Down-Master
From https://gitlab.verizon.com/jrlv/iautomatenonprod
 * branch            Device-Down-Master -> FETCH_HEAD
   0bffa32..e1598ae  Device-Down-Master -> origin/Device-Down-Master
Updating 0bffa32..e1598ae
Fast-forward
 Device-Down-Master/master_vz_template.yml          |   7 +
 .../Cisco-Switch-Down/tasks/fetch_inputs.yaml      |  22 +-
 .../DeviceUpDown-Walgreens/tasks/deviceDown.py     |  90 +++++-
 .../roles/PRIMK-LTE-GW/tasks/main.py               | 326 +++++++++++++++++++++
 .../roles/PRIMK-LTE-GW/tasks/main.sh               |   3 +
 .../roles/PRIMK-LTE-GW/tasks/main.yml              |  41 +++
 .../roles/PRIMK-LTE-GW/vars/main.yml               |   6 +
 7 files changed, 477 insertions(+), 18 deletions(-)
 create mode 100644 Device-Down-Master/roles/PRIMK-LTE-GW/tasks/main.py
 create mode 100644 Device-Down-Master/roles/PRIMK-LTE-GW/tasks/main.sh
 create mode 100644 Device-Down-Master/roles/PRIMK-LTE-GW/tasks/main.yml
 create mode 100644 Device-Down-Master/roles/PRIMK-LTE-GW/vars/main.yml

EMEA-DSMAIN+gupaa75@WSDCVPA43KW0418 MINGW64 ~/Documents/verizon-development/iautomatenonprod (Device-Down-Master)
$ git pull origin Device-Down-Master
From https://gitlab.verizon.com/jrlv/iautomatenonprod
 * branch            Device-Down-Master -> FETCH_HEAD
Already up to date.

EMEA-DSMAIN+gupaa75@WSDCVPA43KW0418 MINGW64 ~/Documents/verizon-development/iautomatenonprod (Device-Down-Master)
$ cp -rf /c/Users/gupaa75/Documents/verizon-development/BFD-TLOC_UP_DOWN_VIPTELA/BFD_TLOC_Up_Down_Viptela_v7/BFD_TLOC_Up_Down_Viptela/ D
evice-Down-Master/roles/

EMEA-DSMAIN+gupaa75@WSDCVPA43KW0418 MINGW64 ~/Documents/verizon-development/iautomatenonprod (Device-Down-Master)
$ cd Device-Down-Master/roles

EMEA-DSMAIN+gupaa75@WSDCVPA43KW0418 MINGW64 ~/Documents/verizon-development/iautomatenonprod/Device-Down-Master/roles (Device-Down-Maste
r)
$ git status -s
?? BFD_TLOC_Up_Down_Viptela/

EMEA-DSMAIN+gupaa75@WSDCVPA43KW0418 MINGW64 ~/Documents/verizon-development/iautomatenonprod/Device-Down-Master/roles (Device-Down-Master)
$ git add BFD_TLOC_Up_Down_Viptela
warning: in the working copy of 'Device-Down-Master/roles/BFD_TLOC_Up_Down_Viptela/BFD-TLOC-Up-Down-Viptela/defaults/main.yaml', LF will
 be replaced by CRLF the next time Git touches it
warning: in the working copy of 'Device-Down-Master/roles/BFD_TLOC_Up_Down_Viptela/BFD-TLOC-Up-Down-Viptela/handlers/main.yaml', LF will
 be replaced by CRLF the next time Git touches it
warning: in the working copy of 'Device-Down-Master/roles/BFD_TLOC_Up_Down_Viptela/BFD-TLOC-Up-Down-Viptela/meta/main.yaml', LF will be
replaced by CRLF the next time Git touches it
warning: in the working copy of 'Device-Down-Master/roles/BFD_TLOC_Up_Down_Viptela/BFD-TLOC-Up-Down-Viptela/tasks/alarm_clearance.yaml',
 LF will be replaced by CRLF the next time Git touches it
warning: in the working copy of 'Device-Down-Master/roles/BFD_TLOC_Up_Down_Viptela/BFD-TLOC-Up-Down-Viptela/tasks/all_peers_path.yaml',
LF will be replaced by CRLF the next time Git touches it
warning: in the working copy of 'Device-Down-Master/roles/BFD_TLOC_Up_Down_Viptela/BFD-TLOC-Up-Down-Viptela/tasks/bfd_check.yaml', LF wi
ll be replaced by CRLF the next time Git touches it
warning: in the working copy of 'Device-Down-Master/roles/BFD_TLOC_Up_Down_Viptela/BFD-TLOC-Up-Down-Viptela/tasks/bfd_up_path.yaml', LF
will be replaced by CRLF the next time Git touches it
warning: in the working copy of 'Device-Down-Master/roles/BFD_TLOC_Up_Down_Viptela/BFD-TLOC-Up-Down-Viptela/tasks/control_tloc_check.yam
l', LF will be replaced by CRLF the next time Git touches it
warning: in the working copy of 'Device-Down-Master/roles/BFD_TLOC_Up_Down_Viptela/BFD-TLOC-Up-Down-Viptela/tasks/device_ssh.yaml', LF w
ill be replaced by CRLF the next time Git touches it
warning: in the working copy of 'Device-Down-Master/roles/BFD_TLOC_Up_Down_Viptela/BFD-TLOC-Up-Down-Viptela/tasks/filter_plugins/bfd_fil
ters.py', LF will be replaced by CRLF the next time Git touches it
warning: in the working copy of 'Device-Down-Master/roles/BFD_TLOC_Up_Down_Viptela/BFD-TLOC-Up-Down-Viptela/tasks/initialize_run.yaml',
LF will be replaced by CRLF the next time Git touches it
warning: in the working copy of 'Device-Down-Master/roles/BFD_TLOC_Up_Down_Viptela/BFD-TLOC-Up-Down-Viptela/tasks/input_gathering.yaml',
 LF will be replaced by CRLF the next time Git touches it
warning: in the working copy of 'Device-Down-Master/roles/BFD_TLOC_Up_Down_Viptela/BFD-TLOC-Up-Down-Viptela/tasks/interface_check.yaml',
 LF will be replaced by CRLF the next time Git touches it
warning: in the working copy of 'Device-Down-Master/roles/BFD_TLOC_Up_Down_Viptela/BFD-TLOC-Up-Down-Viptela/tasks/interface_remediation.
yaml', LF will be replaced by CRLF the next time Git touches it
warning: in the working copy of 'Device-Down-Master/roles/BFD_TLOC_Up_Down_Viptela/BFD-TLOC-Up-Down-Viptela/tasks/library/sdwan_netmiko.
py', LF will be replaced by CRLF the next time Git touches it
warning: in the working copy of 'Device-Down-Master/roles/BFD_TLOC_Up_Down_Viptela/BFD-TLOC-Up-Down-Viptela/tasks/main.sh', LF will be r
eplaced by CRLF the next time Git touches it
warning: in the working copy of 'Device-Down-Master/roles/BFD_TLOC_Up_Down_Viptela/BFD-TLOC-Up-Down-Viptela/tasks/main.yaml', LF will be
 replaced by CRLF the next time Git touches it
warning: in the working copy of 'Device-Down-Master/roles/BFD_TLOC_Up_Down_Viptela/BFD-TLOC-Up-Down-Viptela/tasks/ping.yaml', LF will be
 replaced by CRLF the next time Git touches it
warning: in the working copy of 'Device-Down-Master/roles/BFD_TLOC_Up_Down_Viptela/BFD-TLOC-Up-Down-Viptela/tasks/post_remediation.yaml'
, LF will be replaced by CRLF the next time Git touches it
warning: in the working copy of 'Device-Down-Master/roles/BFD_TLOC_Up_Down_Viptela/BFD-TLOC-Up-Down-Viptela/tasks/pre_checks.yaml', LF w
ill be replaced by CRLF the next time Git touches it
warning: in the working copy of 'Device-Down-Master/roles/BFD_TLOC_Up_Down_Viptela/BFD-TLOC-Up-Down-Viptela/tasks/redundant_router.yaml', LF will be replaced by CRLF the next time Git touches it
warning: in the working copy of 'Device-Down-Master/roles/BFD_TLOC_Up_Down_Viptela/BFD-TLOC-Up-Down-Viptela/tasks/scope_check.yaml', LF will be replaced by CRLF the next time Git touches it
warning: in the working copy of 'Device-Down-Master/roles/BFD_TLOC_Up_Down_Viptela/BFD-TLOC-Up-Down-Viptela/tasks/single_peer_path.yaml', LF will be replaced by CRLF the next time Git touches it
warning: in the working copy of 'Device-Down-Master/roles/BFD_TLOC_Up_Down_Viptela/BFD-TLOC-Up-Down-Viptela/tasks/vmanage_discovery.yaml', LF will be replaced by CRLF the next time Git touches it
warning: in the working copy of 'Device-Down-Master/roles/BFD_TLOC_Up_Down_Viptela/BFD-TLOC-Up-Down-Viptela/tasks/write_output.yaml', LF will be replaced by CRLF the next time Git touches it
warning: in the working copy of 'Device-Down-Master/roles/BFD_TLOC_Up_Down_Viptela/BFD-TLOC-Up-Down-Viptela/tests/inventory', LF will be replaced by CRLF the next time Git touches it
warning: in the working copy of 'Device-Down-Master/roles/BFD_TLOC_Up_Down_Viptela/BFD-TLOC-Up-Down-Viptela/tests/test.yaml', LF will be replaced by CRLF the next time Git touches it
warning: in the working copy of 'Device-Down-Master/roles/BFD_TLOC_Up_Down_Viptela/BFD-TLOC-Up-Down-Viptela/vars/main.yaml', LF will be replaced by CRLF the next time Git touches it
warning: in the working copy of 'Device-Down-Master/roles/BFD_TLOC_Up_Down_Viptela/config.yaml', LF will be replaced by CRLF the next time Git touches it
warning: in the working copy of 'Device-Down-Master/roles/BFD_TLOC_Up_Down_Viptela/main.yaml', LF will be replaced by CRLF the next time Git touches it
warning: in the working copy of 'Device-Down-Master/roles/BFD_TLOC_Up_Down_Viptela/uimapping.json', LF will be replaced by CRLF the next time Git touches it

EMEA-DSMAIN+gupaa75@WSDCVPA43KW0418 MINGW64 ~/Documents/verizon-development/iautomatenonprod/Device-Down-Master/roles (Device-Down-Master)
$ git rm --cached BFD_TLOC_Up_Down_Viptela
fatal: not removing 'BFD_TLOC_Up_Down_Viptela' recursively without -r

EMEA-DSMAIN+gupaa75@WSDCVPA43KW0418 MINGW64 ~/Documents/verizon-development/iautomatenonprod/Device-Down-Master/roles (Device-Down-Master)
$ git rm --cached BFD_TLOC_Up_Down_Viptela -r
rm 'Device-Down-Master/roles/BFD_TLOC_Up_Down_Viptela/BFD-TLOC-Up-Down-Viptela/.gitkeep'
rm 'Device-Down-Master/roles/BFD_TLOC_Up_Down_Viptela/BFD-TLOC-Up-Down-Viptela/defaults/main.yaml'
rm 'Device-Down-Master/roles/BFD_TLOC_Up_Down_Viptela/BFD-TLOC-Up-Down-Viptela/handlers/main.yaml'
rm 'Device-Down-Master/roles/BFD_TLOC_Up_Down_Viptela/BFD-TLOC-Up-Down-Viptela/meta/main.yaml'
rm 'Device-Down-Master/roles/BFD_TLOC_Up_Down_Viptela/BFD-TLOC-Up-Down-Viptela/tasks/alarm_clearance.yaml'
rm 'Device-Down-Master/roles/BFD_TLOC_Up_Down_Viptela/BFD-TLOC-Up-Down-Viptela/tasks/all_peers_path.yaml'
rm 'Device-Down-Master/roles/BFD_TLOC_Up_Down_Viptela/BFD-TLOC-Up-Down-Viptela/tasks/bfd_check.yaml'
rm 'Device-Down-Master/roles/BFD_TLOC_Up_Down_Viptela/BFD-TLOC-Up-Down-Viptela/tasks/bfd_up_path.yaml'
rm 'Device-Down-Master/roles/BFD_TLOC_Up_Down_Viptela/BFD-TLOC-Up-Down-Viptela/tasks/control_tloc_check.yaml'
rm 'Device-Down-Master/roles/BFD_TLOC_Up_Down_Viptela/BFD-TLOC-Up-Down-Viptela/tasks/device_ssh.yaml'
rm 'Device-Down-Master/roles/BFD_TLOC_Up_Down_Viptela/BFD-TLOC-Up-Down-Viptela/tasks/filter_plugins/bfd_filters.py'
rm 'Device-Down-Master/roles/BFD_TLOC_Up_Down_Viptela/BFD-TLOC-Up-Down-Viptela/tasks/initialize_run.yaml'
rm 'Device-Down-Master/roles/BFD_TLOC_Up_Down_Viptela/BFD-TLOC-Up-Down-Viptela/tasks/input_gathering.yaml'
rm 'Device-Down-Master/roles/BFD_TLOC_Up_Down_Viptela/BFD-TLOC-Up-Down-Viptela/tasks/interface_check.yaml'
rm 'Device-Down-Master/roles/BFD_TLOC_Up_Down_Viptela/BFD-TLOC-Up-Down-Viptela/tasks/interface_remediation.yaml'
rm 'Device-Down-Master/roles/BFD_TLOC_Up_Down_Viptela/BFD-TLOC-Up-Down-Viptela/tasks/library/sdwan_netmiko.py'
rm 'Device-Down-Master/roles/BFD_TLOC_Up_Down_Viptela/BFD-TLOC-Up-Down-Viptela/tasks/main.sh'
rm 'Device-Down-Master/roles/BFD_TLOC_Up_Down_Viptela/BFD-TLOC-Up-Down-Viptela/tasks/main.yaml'
rm 'Device-Down-Master/roles/BFD_TLOC_Up_Down_Viptela/BFD-TLOC-Up-Down-Viptela/tasks/ping.yaml'
rm 'Device-Down-Master/roles/BFD_TLOC_Up_Down_Viptela/BFD-TLOC-Up-Down-Viptela/tasks/post_remediation.yaml'
rm 'Device-Down-Master/roles/BFD_TLOC_Up_Down_Viptela/BFD-TLOC-Up-Down-Viptela/tasks/pre_checks.yaml'
rm 'Device-Down-Master/roles/BFD_TLOC_Up_Down_Viptela/BFD-TLOC-Up-Down-Viptela/tasks/redundant_router.yaml'
rm 'Device-Down-Master/roles/BFD_TLOC_Up_Down_Viptela/BFD-TLOC-Up-Down-Viptela/tasks/scope_check.yaml'
rm 'Device-Down-Master/roles/BFD_TLOC_Up_Down_Viptela/BFD-TLOC-Up-Down-Viptela/tasks/single_peer_path.yaml'
rm 'Device-Down-Master/roles/BFD_TLOC_Up_Down_Viptela/BFD-TLOC-Up-Down-Viptela/tasks/vmanage_discovery.yaml'
rm 'Device-Down-Master/roles/BFD_TLOC_Up_Down_Viptela/BFD-TLOC-Up-Down-Viptela/tasks/write_output.yaml'
rm 'Device-Down-Master/roles/BFD_TLOC_Up_Down_Viptela/BFD-TLOC-Up-Down-Viptela/tests/inventory'
rm 'Device-Down-Master/roles/BFD_TLOC_Up_Down_Viptela/BFD-TLOC-Up-Down-Viptela/tests/test.yaml'
rm 'Device-Down-Master/roles/BFD_TLOC_Up_Down_Viptela/BFD-TLOC-Up-Down-Viptela/vars/main.yaml'
rm 'Device-Down-Master/roles/BFD_TLOC_Up_Down_Viptela/config.yaml'
rm 'Device-Down-Master/roles/BFD_TLOC_Up_Down_Viptela/main.yaml'
rm 'Device-Down-Master/roles/BFD_TLOC_Up_Down_Viptela/uimapping.json'

EMEA-DSMAIN+gupaa75@WSDCVPA43KW0418 MINGW64 ~/Documents/verizon-development/iautomatenonprod/Device-Down-Master/roles (Device-Down-Master)
$ git status -s
?? BFD_TLOC_Up_Down_Viptela/

EMEA-DSMAIN+gupaa75@WSDCVPA43KW0418 MINGW64 ~/Documents/verizon-development/iautomatenonprod/Device-Down-Master/roles (Device-Down-Master)
$ cp -rf /c/Users/gupaa75/Documents/verizon-development/BFD-TLOC_UP_DOWN_VIPTELA/BFD_TLOC_Up_Down_Viptela_v7/BFD_TLOC_Up_Down_Viptela/BFD-TLOC-Up-Down-Viptela/ Device-Down-Master/roles/
cp: cannot create directory 'Device-Down-Master/roles/': No such file or directory

EMEA-DSMAIN+gupaa75@WSDCVPA43KW0418 MINGW64 ~/Documents/verizon-development/iautomatenonprod/Device-Down-Master/roles (Device-Down-Master)
$ cp -rf /c/Users/gupaa75/Documents/verizon-development/BFD-TLOC_UP_DOWN_VIPTELA/BFD_TLOC_Up_Down_Viptela_v7/BFD_TLOC_Up_Down_Viptela/BFD-TLOC-Up-Down-Viptela/
.gitkeep  defaults/ handlers/ meta/     tasks/    tests/    vars/

EMEA-DSMAIN+gupaa75@WSDCVPA43KW0418 MINGW64 ~/Documents/verizon-development/iautomatenonprod/Device-Down-Master/roles (Device-Down-Master)
$ cp -rf /c/Users/gupaa75/Documents/verizon-development/BFD-TLOC_UP_DOWN_VIPTELA/BFD_TLOC_Up_Down_Viptela_v7/BFD_TLOC_Up_Down_Viptela/BFD-TLOC-Up-Down-Viptela/
.gitkeep  defaults/ handlers/ meta/     tasks/    tests/    vars/

EMEA-DSMAIN+gupaa75@WSDCVPA43KW0418 MINGW64 ~/Documents/verizon-development/iautomatenonprod/Device-Down-Master/roles (Device-Down-Master)
$ cd /c/Users/gupaa75/Documents/verizon-development/BFD-TLOC_UP_DOWN_VIPTELA/BFD_TLOC_Up_Down_Viptela_v7/BFD_TLOC_Up_Down_Viptela/

EMEA-DSMAIN+gupaa75@WSDCVPA43KW0418 MINGW64 ~/Documents/verizon-development/BFD-TLOC_UP_DOWN_VIPTELA/BFD_TLOC_Up_Down_Viptela_v7/BFD_TLOC_Up_Down_Viptela
$

EMEA-DSMAIN+gupaa75@WSDCVPA43KW0418 MINGW64 ~/Documents/verizon-development/BFD-TLOC_UP_DOWN_VIPTELA/BFD_TLOC_Up_Down_Viptela_v7/BFD_TLOC_Up_Down_Viptela
$

EMEA-DSMAIN+gupaa75@WSDCVPA43KW0418 MINGW64 ~/Documents/verizon-development/BFD-TLOC_UP_DOWN_VIPTELA/BFD_TLOC_Up_Down_Viptela_v7/BFD_TLOC_Up_Down_Viptela
$

EMEA-DSMAIN+gupaa75@WSDCVPA43KW0418 MINGW64 ~/Documents/verizon-development/BFD-TLOC_UP_DOWN_VIPTELA/BFD_TLOC_Up_Down_Viptela_v7/BFD_TLOC_Up_Down_Viptela
$

EMEA-DSMAIN+gupaa75@WSDCVPA43KW0418 MINGW64 ~/Documents/verizon-development/BFD-TLOC_UP_DOWN_VIPTELA/BFD_TLOC_Up_Down_Viptela_v7/BFD_TLOC_Up_Down_
Viptela
$ ls
BFD-TLOC-Up-Down-Viptela/  config.yaml  main.yaml  uimapping.json

EMEA-DSMAIN+gupaa75@WSDCVPA43KW0418 MINGW64 ~/Documents/verizon-development/BFD-TLOC_UP_DOWN_VIPTELA/BFD_TLOC_Up_Down_Viptela_v7/BFD_TLOC_Up_Down_Viptela
$ cp -rf BFD-TLOC-Up-Down-Viptela/ /c/Users/gupaa75/Documents/verizon-development/iautomatenonprod/Device-Down-Master/roles

EMEA-DSMAIN+gupaa75@WSDCVPA43KW0418 MINGW64 ~/Documents/verizon-development/BFD-TLOC_UP_DOWN_VIPTELA/BFD_TLOC_Up_Down_Viptela_v7/BFD_TLOC_Up_Down_Viptela
$ git add BFD-TLOC-Up-Down-Viptela
fatal: not a git repository (or any of the parent directories): .git

EMEA-DSMAIN+gupaa75@WSDCVPA43KW0418 MINGW64 ~/Documents/verizon-development/BFD-TLOC_UP_DOWN_VIPTELA/BFD_TLOC_Up_Down_Viptela_v7/BFD_TLOC_Up_Down_
Viptela
$ cd /c/Users/gupaa75/Documents/verizon-development/iautomatenonprod/Device-Down-Master/roles

EMEA-DSMAIN+gupaa75@WSDCVPA43KW0418 MINGW64 ~/Documents/verizon-development/iautomatenonprod/Device-Down-Master/roles (Device-Down-Master)
$ git add BFD-TLOC-Up-Down-Viptela
warning: in the working copy of 'Device-Down-Master/roles/BFD-TLOC-Up-Down-Viptela/defaults/main.yaml', LF will be replaced by CRLF the next time
Git touches it
warning: in the working copy of 'Device-Down-Master/roles/BFD-TLOC-Up-Down-Viptela/handlers/main.yaml', LF will be replaced by CRLF the next time
Git touches it
warning: in the working copy of 'Device-Down-Master/roles/BFD-TLOC-Up-Down-Viptela/meta/main.yaml', LF will be replaced by CRLF the next time Git
touches it
warning: in the working copy of 'Device-Down-Master/roles/BFD-TLOC-Up-Down-Viptela/tasks/alarm_clearance.yaml', LF will be replaced by CRLF the ne
xt time Git touches it
warning: in the working copy of 'Device-Down-Master/roles/BFD-TLOC-Up-Down-Viptela/tasks/all_peers_path.yaml', LF will be replaced by CRLF the nex
t time Git touches it
warning: in the working copy of 'Device-Down-Master/roles/BFD-TLOC-Up-Down-Viptela/tasks/bfd_check.yaml', LF will be replaced by CRLF the next tim
e Git touches it
warning: in the working copy of 'Device-Down-Master/roles/BFD-TLOC-Up-Down-Viptela/tasks/bfd_up_path.yaml', LF will be replaced by CRLF the next t
ime Git touches it
warning: in the working copy of 'Device-Down-Master/roles/BFD-TLOC-Up-Down-Viptela/tasks/control_tloc_check.yaml', LF will be replaced by CRLF the
 next time Git touches it
warning: in the working copy of 'Device-Down-Master/roles/BFD-TLOC-Up-Down-Viptela/tasks/device_ssh.yaml', LF will be replaced by CRLF the next ti
me Git touches it
warning: in the working copy of 'Device-Down-Master/roles/BFD-TLOC-Up-Down-Viptela/tasks/filter_plugins/bfd_filters.py', LF will be replaced by CR
LF the next time Git touches it
warning: in the working copy of 'Device-Down-Master/roles/BFD-TLOC-Up-Down-Viptela/tasks/initialize_run.yaml', LF will be replaced by CRLF the nex
t time Git touches it
warning: in the working copy of 'Device-Down-Master/roles/BFD-TLOC-Up-Down-Viptela/tasks/input_gathering.yaml', LF will be replaced by CRLF the ne
xt time Git touches it
warning: in the working copy of 'Device-Down-Master/roles/BFD-TLOC-Up-Down-Viptela/tasks/interface_check.yaml', LF will be replaced by CRLF the ne
xt time Git touches it
warning: in the working copy of 'Device-Down-Master/roles/BFD-TLOC-Up-Down-Viptela/tasks/interface_remediation.yaml', LF will be replaced by CRLF
the next time Git touches it
warning: in the working copy of 'Device-Down-Master/roles/BFD-TLOC-Up-Down-Viptela/tasks/library/sdwan_netmiko.py', LF will be replaced by CRLF th
e next time Git touches it
warning: in the working copy of 'Device-Down-Master/roles/BFD-TLOC-Up-Down-Viptela/tasks/main.sh', LF will be replaced by CRLF the next time Git t
ouches it
warning: in the working copy of 'Device-Down-Master/roles/BFD-TLOC-Up-Down-Viptela/tasks/main.yaml', LF will be replaced by CRLF the next time Git
 touches it
warning: in the working copy of 'Device-Down-Master/roles/BFD-TLOC-Up-Down-Viptela/tasks/ping.yaml', LF will be replaced by CRLF the next time Git touches it
warning: in the working copy of 'Device-Down-Master/roles/BFD-TLOC-Up-Down-Viptela/tasks/post_remediation.yaml', LF will be replaced by CRLF the next time Git touches it
warning: in the working copy of 'Device-Down-Master/roles/BFD-TLOC-Up-Down-Viptela/tasks/pre_checks.yaml', LF will be replaced by CRLF the next time Git touches it
warning: in the working copy of 'Device-Down-Master/roles/BFD-TLOC-Up-Down-Viptela/tasks/redundant_router.yaml', LF will be replaced by CRLF the next time Git touches it
warning: in the working copy of 'Device-Down-Master/roles/BFD-TLOC-Up-Down-Viptela/tasks/scope_check.yaml', LF will be replaced by CRLF the next time Git touches it
warning: in the working copy of 'Device-Down-Master/roles/BFD-TLOC-Up-Down-Viptela/tasks/single_peer_path.yaml', LF will be replaced by CRLF the next time Git touches it
warning: in the working copy of 'Device-Down-Master/roles/BFD-TLOC-Up-Down-Viptela/tasks/write_output.yaml', LF will be replaced by CRLF the next time Git touches it
warning: in the working copy of 'Device-Down-Master/roles/BFD-TLOC-Up-Down-Viptela/tests/inventory', LF will be replaced by CRLF the next time Git touches it
warning: in the working copy of 'Device-Down-Master/roles/BFD-TLOC-Up-Down-Viptela/tests/test.yaml', LF will be replaced by CRLF the next time Git touches it
warning: in the working copy of 'Device-Down-Master/roles/BFD-TLOC-Up-Down-Viptela/vars/main.yaml', LF will be replaced by CRLF the next time Git touches it
warning: in the working copy of 'Device-Down-Master/roles/BFD-TLOC-Up-Down-Viptela/tasks/vmanage_discovery.yaml', LF will be replaced by CRLF the next time Git touches it

EMEA-DSMAIN+gupaa75@WSDCVPA43KW0418 MINGW64 ~/Documents/verizon-development/iautomatenonprod/Device-Down-Master/roles (Device-Down-Master)
$ git commit -m "Updating BFDTLOC-Viptela code"
[Device-Down-Master 834bcfa] Updating BFDTLOC-Viptela code
 Committer: Gupta <gupaa75@intl.verizon.com>
Your name and email address were configured automatically based
on your username and hostname. Please check that they are accurate.
You can suppress this message by setting them explicitly. Run the
following command and follow the instructions in your editor to edit
your configuration file:

    git config --global --edit

After doing this, you may fix the identity used for this commit with:

    git commit --amend --reset-author

 27 files changed, 962 insertions(+), 1199 deletions(-)
 create mode 100644 Device-Down-Master/roles/BFD-TLOC-Up-Down-Viptela/tasks/vmanage_discovery.yaml

EMEA-DSMAIN+gupaa75@WSDCVPA43KW0418 MINGW64 ~/Documents/verizon-development/iautomatenonprod/Device-Down-Master/roles (Device-Down-Master)
$ git push origin  Device-Down-Master
Enumerating objects: 71, done.
Counting objects: 100% (71/71), done.
Delta compression using up to 4 threads
Compressing objects: 100% (31/31), done.
Writing objects: 100% (37/37), 14.38 KiB | 774.00 KiB/s, done.
Total 37 (delta 21), reused 2 (delta 0), pack-reused 0 (from 0)
remote:
remote: To create a merge request for Device-Down-Master, visit:
remote:   https://gitlab.verizon.com/jrlv/iautomatenonprod/-/merge_requests/new?merge_request%5Bsource_branch%5D=Device-Down-Master
remote:
To https://gitlab.verizon.com/jrlv/iautomatenonprod.git
   e1598ae..834bcfa  Device-Down-Master -> Device-Down-Master

EMEA-DSMAIN+gupaa75@WSDCVPA43KW0418 MINGW64 ~/Documents/verizon-development/iautomatenonprod/Device-Down-Master/roles (Device-Down-Master)
$ git status
On branch Device-Down-Master
Your branch is up to date with 'origin/Device-Down-Master'.

Untracked files:
  (use "git add <file>..." to include in what will be committed)
        BFD_TLOC_Up_Down_Viptela/

nothing added to commit but untracked files present (use "git add" to track)

EMEA-DSMAIN+gupaa75@WSDCVPA43KW0418 MINGW64 ~/Documents/verizon-development/iautomatenonprod/Device-Down-Master/roles (Device-Down-Master)
$ ls
Aruba-Device-Down-NOC/      Device-Down-EMS/      Device-Down-Tesco/          DeviceUpDown-Shared-NOC/     PRIMK-LTE-GW/
BFD-TLOC-Up-Down-Viptela/   Device-Down-ENOC/     Device-Down-UKPO/           DeviceUpDown-Viptela-all/    PingIt/
BFD_TLOC_Up_Down_Viptela/   Device-Down-IENOC/    Device-Down-Walgreens/      DeviceUpDown-Walgreens/      VNS-VM-Down-SharedNoc/
Cisco-Switch-Down/          Device-Down-SAP-NOC/  Device-Unstable-ECSR-CORE/  Deviceunstable-Tesco/        Versa-SDWAN-DeviceUpDown/
Device-Down-ECSR-CORE/      Device-Down-SMS-NOC/  DeviceUnstable-SharedNOC/   ECSR-Dortmund-DeviceUpDown/  Walgreens-Switch-POE-Faulty-Check/
Device-Down-ECSR-DORTMUND/  Device-Down-Target/   DeviceUpDown-SP-SharedNOC/  ICMP-Unreachable-SharedNOC/

EMEA-DSMAIN+gupaa75@WSDCVPA43KW0418 MINGW64 ~/Documents/verizon-development/iautomatenonprod/Device-Down-Master/roles (Device-Down-Master)
$ ls -lrth
total 28K
drwxr-xr-x 1 EMEA-DSMAIN+gupaa75 4266656257 0 May 11 15:05 Aruba-Device-Down-NOC/
drwxr-xr-x 1 EMEA-DSMAIN+gupaa75 4266656257 0 May 11 15:05 Cisco-Switch-Down/
drwxr-xr-x 1 EMEA-DSMAIN+gupaa75 4266656257 0 May 11 15:05 Device-Down-ECSR-CORE/
drwxr-xr-x 1 EMEA-DSMAIN+gupaa75 4266656257 0 May 11 15:05 Device-Down-ECSR-DORTMUND/
drwxr-xr-x 1 EMEA-DSMAIN+gupaa75 4266656257 0 May 11 15:05 Device-Down-EMS/
drwxr-xr-x 1 EMEA-DSMAIN+gupaa75 4266656257 0 May 11 15:05 Device-Down-ENOC/
drwxr-xr-x 1 EMEA-DSMAIN+gupaa75 4266656257 0 May 11 15:05 Device-Down-IENOC/
drwxr-xr-x 1 EMEA-DSMAIN+gupaa75 4266656257 0 May 11 15:05 Device-Down-SAP-NOC/
drwxr-xr-x 1 EMEA-DSMAIN+gupaa75 4266656257 0 May 11 15:05 Device-Down-SMS-NOC/
drwxr-xr-x 1 EMEA-DSMAIN+gupaa75 4266656257 0 May 11 15:05 Device-Down-Target/
drwxr-xr-x 1 EMEA-DSMAIN+gupaa75 4266656257 0 May 11 15:06 Device-Down-Tesco/
drwxr-xr-x 1 EMEA-DSMAIN+gupaa75 4266656257 0 May 11 15:06 Device-Down-UKPO/
drwxr-xr-x 1 EMEA-DSMAIN+gupaa75 4266656257 0 May 11 15:06 Device-Down-Walgreens/
drwxr-xr-x 1 EMEA-DSMAIN+gupaa75 4266656257 0 May 11 15:06 Device-Unstable-ECSR-CORE/
drwxr-xr-x 1 EMEA-DSMAIN+gupaa75 4266656257 0 May 11 15:06 DeviceUnstable-SharedNOC/
drwxr-xr-x 1 EMEA-DSMAIN+gupaa75 4266656257 0 May 11 15:06 DeviceUpDown-SP-SharedNOC/
drwxr-xr-x 1 EMEA-DSMAIN+gupaa75 4266656257 0 May 11 15:06 DeviceUpDown-Shared-NOC/
drwxr-xr-x 1 EMEA-DSMAIN+gupaa75 4266656257 0 May 11 15:06 DeviceUpDown-Viptela-all/
drwxr-xr-x 1 EMEA-DSMAIN+gupaa75 4266656257 0 May 11 15:06 DeviceUpDown-Walgreens/
drwxr-xr-x 1 EMEA-DSMAIN+gupaa75 4266656257 0 May 11 15:06 Deviceunstable-Tesco/
drwxr-xr-x 1 EMEA-DSMAIN+gupaa75 4266656257 0 May 11 15:06 ECSR-Dortmund-DeviceUpDown/
drwxr-xr-x 1 EMEA-DSMAIN+gupaa75 4266656257 0 May 11 15:06 ICMP-Unreachable-SharedNOC/
drwxr-xr-x 1 EMEA-DSMAIN+gupaa75 4266656257 0 May 11 15:06 PingIt/
drwxr-xr-x 1 EMEA-DSMAIN+gupaa75 4266656257 0 May 11 15:06 VNS-VM-Down-SharedNoc/
drwxr-xr-x 1 EMEA-DSMAIN+gupaa75 4266656257 0 May 11 15:06 Versa-SDWAN-DeviceUpDown/
drwxr-xr-x 1 EMEA-DSMAIN+gupaa75 4266656257 0 May 11 15:06 Walgreens-Switch-POE-Faulty-Check/
drwxr-xr-x 1 EMEA-DSMAIN+gupaa75 4266656257 0 May 19 12:37 BFD-TLOC-Up-Down-Viptela/
drwxr-xr-x 1 EMEA-DSMAIN+gupaa75 4266656257 0 May 19 12:39 PRIMK-LTE-GW/
drwxr-xr-x 1 EMEA-DSMAIN+gupaa75 4266656257 0 May 19 13:05 BFD_TLOC_Up_Down_Viptela/

EMEA-DSMAIN+gupaa75@WSDCVPA43KW0418 MINGW64 ~/Documents/verizon-development/iautomatenonprod/Device-Down-Master/roles (Device-Down-Master)
$ git diff

EMEA-DSMAIN+gupaa75@WSDCVPA43KW0418 MINGW64 ~/Documents/verizon-development/iautomatenonprod/Device-Down-Master/roles (Device-Down-Master)
$ rm -rf  BFD_TLOC_Up_Down_Viptela

EMEA-DSMAIN+gupaa75@WSDCVPA43KW0418 MINGW64 ~/Documents/verizon-development/iautomatenonprod/Device-Down-Master/roles (Device-Down-Master)
$ git status
On branch Device-Down-Master
Your branch is up to date with 'origin/Device-Down-Master'.

nothing to commit, working tree clean

EMEA-DSMAIN+gupaa75@WSDCVPA43KW0418 MINGW64 ~/Documents/verizon-development/iautomatenonprod/Device-Down-Master/roles (Device-Down-Master)
$ git status -s

EMEA-DSMAIN+gupaa75@WSDCVPA43KW0418 MINGW64 ~/Documents/verizon-development/iautomatenonprod/Device-Down-Master/roles (Device-Down-Master)
$










EMEA-DSMAIN+gupaa75@WSDCVPA43KW0418 MINGW64 ~/Documents/verizon-development/iautomatenonprod/Device-Down-Master/roles (Device-Down-Master)
$





EMEA-DSMAIN+gupaa75@WSDCVPA43KW0418 MINGW64 ~/Documents/verizon-development/iautomatenonprod/Device-Down-Master/roles (Device-Down-Master)
$
gi
git
git f
EMEA-DSMAIN+gupaa75@WSDCVPA43KW0418 MINGW64 ~/Documents/verizon-development/iautomatenonprod/Device-Down-Master/roles (Device-Down-Master)
$
etch git fetch
EMEA-DSMAIN+gupaa75@WSDCVPA43KW0418 MINGW64 ~/Documents/verizon-development/iautomatenonprod/Device-Down-Master/roles (Device-Down-Master)
$ git fetch origin
remote: Enumerating objects: 39, done.
remote: Counting objects: 100% (39/39), done.
remote: Compressing objects: 100% (39/39), done.
remote: Total 39 (delta 15), reused 0 (delta 0), pack-reused 0 (from 0)
Unpacking objects: 100% (39/39), 24.02 KiB | 35.00 KiB/s, done.
From https://gitlab.verizon.com/jrlv/iautomatenonprod
   834bcfa..65dc481  Device-Down-Master    -> origin/Device-Down-Master
   141dcdf..d9a9cb2  Basic_Triage_Master   -> origin/Basic_Triage_Master
   3564893..4e33ea0  Site-Isolation-Master -> origin/Site-Isolation-Master
 * [new branch]      agar-main-patch-71945 -> origin/agar-main-patch-71945
 * [new branch]      gopirsr-main-patch-35784 -> origin/gopirsr-main-patch-35784
 * [new branch]      gopirsr-main-patch-55917 -> origin/gopirsr-main-patch-55917
 * [new branch]      revert-458f794a       -> origin/revert-458f794a

EMEA-DSMAIN+gupaa75@WSDCVPA43KW0418 MINGW64 ~/Documents/verizon-development/iautomatenonprod/Device-Down-Master/roles (Device-Down-Master)
$ git checkout -b 'Device-Down-Master' 'origin/Device-Down-Master'
fatal: a branch named 'Device-Down-Master' already exists

EMEA-DSMAIN+gupaa75@WSDCVPA43KW0418 MINGW64 ~/Documents/verizon-development/iautomatenonprod/Device-Down-Master/roles (Device-Down-Master)
$ git status -s

EMEA-DSMAIN+gupaa75@WSDCVPA43KW0418 MINGW64 ~/Documents/verizon-development/iautomatenonprod/Device-Down-Master/roles (Device-Down-Master)
$ git status
On branch Device-Down-Master
Your branch is behind 'origin/Device-Down-Master' by 3 commits, and can be fast-forwarded.
  (use "git pull" to update your local branch)

nothing to commit, working tree clean

EMEA-DSMAIN+gupaa75@WSDCVPA43KW0418 MINGW64 ~/Documents/verizon-development/iautomatenonprod/Device-Down-Master/roles (Device-Down-Master)
$ git pull origin  Device-Down-Master
From https://gitlab.verizon.com/jrlv/iautomatenonprod
 * branch            Device-Down-Master -> FETCH_HEAD
Updating 834bcfa..65dc481
Fast-forward
 .../roles/Versa-Device-Down-NOC/analyticsApi.yaml  | 206 +++++++++++++++++++++
 .../roles/Versa-Device-Down-NOC/config.yaml        |  36 ++++
 .../Versa-Device-Down-NOC/deviceNotRebooted.yaml   |  36 ++++
 .../Versa-Device-Down-NOC/deviceRebooted.yaml      |  35 ++++
 .../Versa-Device-Down-NOC/deviceRebootedCheck.yaml |  24 +++
 .../Versa-Device-Down-NOC/eventLogFilter.yaml      |  76 ++++++++
 .../Versa-Device-Down-NOC/fetchWanInterface.yaml   |  12 ++
 .../roles/Versa-Device-Down-NOC/jumpLogin.yaml     |  40 ++++
 .../Versa-Device-Down-NOC/jumpLoginCheck.yaml      |  59 ++++++
 .../Versa-Device-Down-NOC/library/versa_cmd.py     | 109 +++++++++++
 .../Versa-Device-Down-NOC/library/versa_command.py |  84 +++++++++
 .../library/versa_portbounce.py                    |  77 ++++++++
 .../roles/Versa-Device-Down-NOC/loginCheck.yaml    |  50 +++++
 .../roles/Versa-Device-Down-NOC/loginSuccess.yaml  |  41 ++++
 .../roles/Versa-Device-Down-NOC/main.yaml          | 172 +++++++++++++++++
 .../roles/Versa-Device-Down-NOC/pingCheck.yaml     |  69 +++++++
 .../roles/Versa-Device-Down-NOC/portBounce.yaml    |  63 +++++++
 .../Versa-Device-Down-NOC/primaryLoginfail.yaml    |  88 +++++++++
 .../Versa-Device-Down-NOC/secLoginSuccess.yaml     |  37 ++++
 .../roles/Versa-Device-Down-NOC/site_status.yaml   |  78 ++++++++
 .../roles/Versa-Device-Down-NOC/site_type.yaml     |  58 ++++++
 .../Versa-Device-Down-NOC/wanInterfaceStatus.yaml  |  16 ++
 22 files changed, 1466 insertions(+)
 create mode 100644 Device-Down-Master/roles/Versa-Device-Down-NOC/analyticsApi.yaml
 create mode 100644 Device-Down-Master/roles/Versa-Device-Down-NOC/config.yaml
 create mode 100644 Device-Down-Master/roles/Versa-Device-Down-NOC/deviceNotRebooted.yaml
 create mode 100644 Device-Down-Master/roles/Versa-Device-Down-NOC/deviceRebooted.yaml
 create mode 100644 Device-Down-Master/roles/Versa-Device-Down-NOC/deviceRebootedCheck.yaml
 create mode 100644 Device-Down-Master/roles/Versa-Device-Down-NOC/eventLogFilter.yaml
 create mode 100644 Device-Down-Master/roles/Versa-Device-Down-NOC/fetchWanInterface.yaml
 create mode 100644 Device-Down-Master/roles/Versa-Device-Down-NOC/jumpLogin.yaml
 create mode 100644 Device-Down-Master/roles/Versa-Device-Down-NOC/jumpLoginCheck.yaml
 create mode 100644 Device-Down-Master/roles/Versa-Device-Down-NOC/library/versa_cmd.py
 create mode 100644 Device-Down-Master/roles/Versa-Device-Down-NOC/library/versa_command.py
 create mode 100644 Device-Down-Master/roles/Versa-Device-Down-NOC/library/versa_portbounce.py
 create mode 100644 Device-Down-Master/roles/Versa-Device-Down-NOC/loginCheck.yaml
 create mode 100644 Device-Down-Master/roles/Versa-Device-Down-NOC/loginSuccess.yaml
 create mode 100644 Device-Down-Master/roles/Versa-Device-Down-NOC/main.yaml
 create mode 100644 Device-Down-Master/roles/Versa-Device-Down-NOC/pingCheck.yaml
 create mode 100644 Device-Down-Master/roles/Versa-Device-Down-NOC/portBounce.yaml
 create mode 100644 Device-Down-Master/roles/Versa-Device-Down-NOC/primaryLoginfail.yaml
 create mode 100644 Device-Down-Master/roles/Versa-Device-Down-NOC/secLoginSuccess.yaml
 create mode 100644 Device-Down-Master/roles/Versa-Device-Down-NOC/site_status.yaml
 create mode 100644 Device-Down-Master/roles/Versa-Device-Down-NOC/site_type.yaml
 create mode 100644 Device-Down-Master/roles/Versa-Device-Down-NOC/wanInterfaceStatus.yaml

EMEA-DSMAIN+gupaa75@WSDCVPA43KW0418 MINGW64 ~/Documents/verizon-development/iautomatenonprod/Device-Down-Master/roles (Device-Down-Master)
$ git status
On branch Device-Down-Master
Your branch is up to date with 'origin/Device-Down-Master'.

nothing to commit, working tree clean

EMEA-DSMAIN+gupaa75@WSDCVPA43KW0418 MINGW64 ~/Documents/verizon-development/iautomatenonprod/Device-Down-Master/roles (Device-Down-Master)
$

EMEA-DSMAIN+gupaa75@WSDCVPA43KW0418 MINGW64 ~/Documents/verizon-development/iautomatenonprod/Device-Down-Master/roles (Device-Down-Master)
$ git status -s

EMEA-DSMAIN+gupaa75@WSDCVPA43KW0418 MINGW64 ~/Documents/verizon-development/iautomatenonprod/Device-Down-Master/roles (Device-Down-Master)
$ git status -
On branch Device-Down-Master
Your branch is up to date with 'origin/Device-Down-Master'.

nothing to commit, working tree clean
EMEA-DSMAIN+gupaa75@WSDCVPA43KW0418 MINGW64 ~/Documents/verizon-development/iautomatenonprod/Device-Down-Master/roles (Device-Down-Master)
$
gitgit checkout git checkout main
EMEA-DSMAIN+gupaa75@WSDCVPA43KW0418 MINGW64 ~/Documents/verizon-development/iautomatenonprod/Device-Down-Master/roles (Device-Down-Master)
$ git checkout main
Switched to branch 'main'
Your branch is up to date with 'origin/main'.

EMEA-DSMAIN+gupaa75@WSDCVPA43KW0418 MINGW64 ~/Documents/verizon-development/iautomatenonprod/Device-Down-Master/roles (main)
$ git fetch

EMEA-DSMAIN+gupaa75@WSDCVPA43KW0418 MINGW64 ~/Documents/verizon-development/iautomatenonprod/Device-Down-Master/roles (main)
$ git pull origin main
From https://gitlab.verizon.com/jrlv/iautomatenonprod
 * branch            main       -> FETCH_HEAD
Already up to date.

EMEA-DSMAIN+gupaa75@WSDCVPA43KW0418 MINGW64 ~/Documents/verizon-development/iautomatenonprod/Device-Down-Master/roles (main)
$ git checkout Device-Down-Master
Switched to branch 'Device-Down-Master'
Your branch is up to date with 'origin/Device-Down-Master'.

EMEA-DSMAIN+gupaa75@WSDCVPA43KW0418 MINGW64 ~/Documents/verizon-development/iautomatenonprod/Device-Down-Master/roles (Device-Down-Master)
$ git fetch

EMEA-DSMAIN+gupaa75@WSDCVPA43KW0418 MINGW64 ~/Documents/verizon-development/iautomatenonprod/Device-Down-Master/roles (Device-Down-Master)
$







EMEA-DSMAIN+gupaa75@WSDCVPA43KW0418 MINGW64 ~/Documents/verizon-development/iautomatenonprod/Device-Down-Master/roles (Device-Down-Master)
$



EMEA-DSMAIN+gupaa75@WSDCVPA43KW0418 MINGW64 ~/Documents/verizon-development/iautomatenonprod/Device-Down-Master/roles (Device-Down-Master)
$

EMEA-DSMAIN+gupaa75@WSDCVPA43KW0418 MINGW64 ~/Documents/verizon-development/iautomatenonprod/Device-Down-Master/roles (Device-Down-Master)
$ ls
Aruba-Device-Down-NOC/      DeviceUnstable-SharedNOC/
BFD-TLOC-Up-Down-Viptela/   DeviceUpDown-SP-SharedNOC/
Cisco-Switch-Down/          DeviceUpDown-Shared-NOC/
Device-Down-ECSR-CORE/      DeviceUpDown-Viptela-all/
Device-Down-ECSR-DORTMUND/  DeviceUpDown-Walgreens/
Device-Down-EMS/            Deviceunstable-Tesco/
Device-Down-ENOC/           ECSR-Dortmund-DeviceUpDown/
Device-Down-IENOC/          ICMP-Unreachable-SharedNOC/
Device-Down-SAP-NOC/        PRIMK-LTE-GW/
Device-Down-SMS-NOC/        PingIt/
Device-Down-Target/         VNS-VM-Down-SharedNoc/
Device-Down-Tesco/          Versa-Device-Down-NOC/
Device-Down-UKPO/           Versa-SDWAN-DeviceUpDown/
Device-Down-Walgreens/      Walgreens-Switch-POE-Faulty-Check/
Device-Unstable-ECSR-CORE/

EMEA-DSMAIN+gupaa75@WSDCVPA43KW0418 MINGW64 ~/Documents/verizon-development/iautomatenonprod/Device-Down-Master/roles (Device-Down-Master)
$ cd BFD-TLOC-Up-Down-Viptela

EMEA-DSMAIN+gupaa75@WSDCVPA43KW0418 MINGW64 ~/Documents/verizon-development/iautomatenonprod/Device-Down-Master/roles/BFD-TLOC-Up-Down-Viptela (Device-Down-Master)
$ ls
defaults/  handlers/  meta/  tasks/  tests/  vars/

EMEA-DSMAIN+gupaa75@WSDCVPA43KW0418 MINGW64 ~/Documents/verizon-development/iautomatenonprod/Device-Down-Master/roles/BFD-TLOC-Up-Down-Viptela (Device-Down-Master)
$




EMEA-DSMAIN+gupaa75@WSDCVPA43KW0418 MINGW64 ~/Documents/verizon-development/iautomatenonprod/Device-Down-Master/roles/BFD-TLOC-Up-Down-Viptela (Device-Down-Master)
$

EMEA-DSMAIN+gupaa75@WSDCVPA43KW0418 MINGW64 ~/Documents/verizon-development/iautomatenonprod/Device-Down-Master/roles/BFD-TLOC-Up-Down-Viptela (Device-Down-Master)
$
=======================================
EMEA-DSMAIN+gupaa75@WSDCVPA43KW0418 MINGW64 ~/Documents/verizon-development/iautomatenonprod (Device-Down-Master)
$ git rebase origin/main
Auto-merging Basic_Triage_Master/roles/PingIt_bkpmay/tests/test.yml
CONFLICT (content): Merge conflict in Basic_Triage_Master/roles/PingIt_bkpmay/tests/test.yml
CONFLICT (modify/delete): Device-Down-Master/roles/BFD-TLOC-Up-Down-Viptela/defaults/main.yaml deleted in HEAD and modified in 834bcfa (Updating BFDTLOC-Viptela code).  Version 834bcfa (Updating BFDTLOC-Viptela code) of Device-Down-Master/roles/BFD-TLOC-Up-Down-Viptela/defaults/main.yaml left in tree.
CONFLICT (modify/delete): Device-Down-Master/roles/BFD-TLOC-Up-Down-Viptela/handlers/main.yaml deleted in HEAD and modified in 834bcfa (Updating BFDTLOC-Viptela code).  Version 834bcfa (Updating BFDTLOC-Viptela code) of Device-Down-Master/roles/BFD-TLOC-Up-Down-Viptela/handlers/main.yaml left in tree.
CONFLICT (modify/delete): Device-Down-Master/roles/BFD-TLOC-Up-Down-Viptela/meta/main.yaml deleted in HEAD and modified in 834bcfa (Updating BFDTLOC-Viptela code).  Version 834bcfa (Updating BFDTLOC-Viptela code) of Device-Down-Master/roles/BFD-TLOC-Up-Down-Viptela/meta/main.yaml left in tree.
CONFLICT (modify/delete): Device-Down-Master/roles/BFD-TLOC-Up-Down-Viptela/tasks/alarm_clearance.yaml deleted in HEAD and modified in 834bcfa (Updating BFDTLOC-Viptela code).  Version 834bcfa (Updating BFDTLOC-Viptela code) of Device-Down-Master/roles/BFD-TLOC-Up-Down-Viptela/tasks/alarm_clearance.yaml left in tree.
CONFLICT (modify/delete): Device-Down-Master/roles/BFD-TLOC-Up-Down-Viptela/tasks/all_peers_path.yaml deleted in HEAD and modified in 834bcfa (Updating BFDTLOC-Viptela code).  Version 834bcfa (Updating BFDTLOC-Viptela code) of Device-Down-Master/roles/BFD-TLOC-Up-Down-Viptela/tasks/all_peers_path.yaml left in tree.
CONFLICT (modify/delete): Device-Down-Master/roles/BFD-TLOC-Up-Down-Viptela/tasks/bfd_check.yaml deleted in HEAD and modified in 834bcfa (Updating BFDTLOC-Viptela code).  Version 834bcfa (Updating BFDTLOC-Viptela code) of Device-Down-Master/roles/BFD-TLOC-Up-Down-Viptela/tasks/bfd_check.yaml left in tree.
CONFLICT (modify/delete): Device-Down-Master/roles/BFD-TLOC-Up-Down-Viptela/tasks/bfd_up_path.yaml deleted in HEAD and modified in 834bcfa (Updating BFDTLOC-Viptela code).  Version 834bcfa (Updating BFDTLOC-Viptela code) of Device-Down-Master/roles/BFD-TLOC-Up-Down-Viptela/tasks/bfd_up_path.yaml left in tree.
CONFLICT (modify/delete): Device-Down-Master/roles/BFD-TLOC-Up-Down-Viptela/tasks/control_tloc_check.yaml deleted in HEAD and modified in 834bcfa (Updating BFDTLOC-Viptela code).  Version 834bcfa (Updating BFDTLOC-Viptela code) of Device-Down-Master/roles/BFD-TLOC-Up-Down-Viptela/tasks/control_tloc_check.yaml left in tree.
CONFLICT (modify/delete): Device-Down-Master/roles/BFD-TLOC-Up-Down-Viptela/tasks/device_ssh.yaml deleted in HEAD and modified in 834bcfa (Updating BFDTLOC-Viptela code).  Version 834bcfa (Updating BFDTLOC-Viptela code) of Device-Down-Master/roles/BFD-TLOC-Up-Down-Viptela/tasks/device_ssh.yaml left in tree.
CONFLICT (modify/delete): Device-Down-Master/roles/BFD-TLOC-Up-Down-Viptela/tasks/filter_plugins/bfd_filters.py deleted in HEAD and modified in 834bcfa (Updating BFDTLOC-Viptela code).  Version 834bcfa (Updating BFDTLOC-Viptela code) of Device-Down-Master/roles/BFD-TLOC-Up-Down-Viptela/tasks/filter_plugins/bfd_filters.py left in tree.
CONFLICT (modify/delete): Device-Down-Master/roles/BFD-TLOC-Up-Down-Viptela/tasks/initialize_run.yaml deleted in HEAD and modified in 834bcfa (Updating BFDTLOC-Viptela code).  Version 834bcfa (Updating BFDTLOC-Viptela code) of Device-Down-Master/roles/BFD-TLOC-Up-Down-Viptela/tasks/initialize_run.yaml left in tree.
CONFLICT (modify/delete): Device-Down-Master/roles/BFD-TLOC-Up-Down-Viptela/tasks/input_gathering.yaml deleted in HEAD and modified in 834bcfa (Updating BFDTLOC-Viptela code).  Version 834bcfa (Updating BFDTLOC-Viptela code) of Device-Down-Master/roles/BFD-TLOC-Up-Down-Viptela/tasks/input_gathering.yaml left in tree.
CONFLICT (modify/delete): Device-Down-Master/roles/BFD-TLOC-Up-Down-Viptela/tasks/interface_check.yaml deleted in HEAD and modified in 834bcfa (Updating BFDTLOC-Viptela code).  Version 834bcfa (Updating BFDTLOC-Viptela code) of Device-Down-Master/roles/BFD-TLOC-Up-Down-Viptela/tasks/interface_check.yaml left in tree.
CONFLICT (modify/delete): Device-Down-Master/roles/BFD-TLOC-Up-Down-Viptela/tasks/interface_remediation.yaml deleted in HEAD and modified in 834bcfa (Updating BFDTLOC-Viptela code).  Version 834bcfa (Updating BFDTLOC-Viptela code) of Device-Down-Master/roles/BFD-TLOC-Up-Down-Viptela/tasks/interface_remediation.yaml left in tree.
CONFLICT (modify/delete): Device-Down-Master/roles/BFD-TLOC-Up-Down-Viptela/tasks/library/sdwan_netmiko.py deleted in HEAD and modified in 834bcfa (Updating BFDTLOC-Viptela code).  Version 834bcfa (Updating BFDTLOC-Viptela code) of Device-Down-Master/roles/BFD-TLOC-Up-Down-Viptela/tasks/library/sdwan_netmiko.py left in tree.
CONFLICT (modify/delete): Device-Down-Master/roles/BFD-TLOC-Up-Down-Viptela/tasks/main.sh deleted in HEAD and modified in 834bcfa (Updating BFDTLOC-Viptela code).  Version 834bcfa (Updating BFDTLOC-Viptela code) of Device-Down-Master/roles/BFD-TLOC-Up-Down-Viptela/tasks/main.sh left in tree.
CONFLICT (modify/delete): Device-Down-Master/roles/BFD-TLOC-Up-Down-Viptela/tasks/main.yaml deleted in HEAD and modified in 834bcfa (Updating BFDTLOC-Viptela code).  Version 834bcfa (Updating BFDTLOC-Viptela code) of Device-Down-Master/roles/BFD-TLOC-Up-Down-Viptela/tasks/main.yaml left in tree.
CONFLICT (modify/delete): Device-Down-Master/roles/BFD-TLOC-Up-Down-Viptela/tasks/ping.yaml deleted in HEAD and modified in 834bcfa (Updating BFDTLOC-Viptela code).  Version 834bcfa (Updating BFDTLOC-Viptela code) of Device-Down-Master/roles/BFD-TLOC-Up-Down-Viptela/tasks/ping.yaml left in tree.
CONFLICT (modify/delete): Device-Down-Master/roles/BFD-TLOC-Up-Down-Viptela/tasks/post_remediation.yaml deleted in HEAD and modified in 834bcfa (Updating BFDTLOC-Viptela code).  Version 834bcfa (Updating BFDTLOC-Viptela code) of Device-Down-Master/roles/BFD-TLOC-Up-Down-Viptela/tasks/post_remediation.yaml left in tree.
CONFLICT (modify/delete): Device-Down-Master/roles/BFD-TLOC-Up-Down-Viptela/tasks/pre_checks.yaml deleted in HEAD and modified in 834bcfa (Updating BFDTLOC-Viptela code).  Version 834bcfa (Updating BFDTLOC-Viptela code) of Device-Down-Master/roles/BFD-TLOC-Up-Down-Viptela/tasks/pre_checks.yaml left in tree.
CONFLICT (modify/delete): Device-Down-Master/roles/BFD-TLOC-Up-Down-Viptela/tasks/redundant_router.yaml deleted in HEAD and modified in 834bcfa (Updating BFDTLOC-Viptela code).  Version 834bcfa (Updating BFDTLOC-Viptela code) of Device-Down-Master/roles/BFD-TLOC-Up-Down-Viptela/tasks/redundant_router.yaml left in tree.
CONFLICT (modify/delete): Device-Down-Master/roles/BFD-TLOC-Up-Down-Viptela/tasks/scope_check.yaml deleted in HEAD and modified in 834bcfa (Updating BFDTLOC-Viptela code).  Version 834bcfa (Updating BFDTLOC-Viptela code) of Device-Down-Master/roles/BFD-TLOC-Up-Down-Viptela/tasks/scope_check.yaml left in tree.
CONFLICT (modify/delete): Device-Down-Master/roles/BFD-TLOC-Up-Down-Viptela/tasks/single_peer_path.yaml deleted in HEAD and modified in 834bcfa (Updating BFDTLOC-Viptela code).  Version 834bcfa (Updating BFDTLOC-Viptela code) of Device-Down-Master/roles/BFD-TLOC-Up-Down-Viptela/tasks/single_peer_path.yaml left in tree.
CONFLICT (modify/delete): Device-Down-Master/roles/BFD-TLOC-Up-Down-Viptela/tasks/write_output.yaml deleted in HEAD and modified in 834bcfa (Updating BFDTLOC-Viptela code).  Version 834bcfa (Updating BFDTLOC-Viptela code) of Device-Down-Master/roles/BFD-TLOC-Up-Down-Viptela/tasks/write_output.yaml left in tree.
CONFLICT (modify/delete): Device-Down-Master/roles/BFD-TLOC-Up-Down-Viptela/vars/main.yaml deleted in HEAD and modified in 834bcfa (Updating BFDTLOC-Viptela code).  Version 834bcfa (Updating BFDTLOC-Viptela code) of Device-Down-Master/roles/BFD-TLOC-Up-Down-Viptela/vars/main.yaml left in tree.
error: could not apply 834bcfa... Updating BFDTLOC-Viptela code
hint: Resolve all conflicts manually, mark them as resolved with
hint: "git add/rm <conflicted_files>", then run "git rebase --continue".
hint: You can instead skip this commit: run "git rebase --skip".
hint: To abort and get back to the state before "git rebase", run "git rebase --abort".
hint: Disable this message with "git config set advice.mergeConflict false"
Could not apply 834bcfa... # Updating BFDTLOC-Viptela code

EMEA-DSMAIN+gupaa75@WSDCVPA43KW0418 MINGW64 ~/Documents/verizon-development/iautomatenonprod (Device-Down-Master|REBASE 1/4)
$
